Archive member included to satisfy reference by file (symbol)

d:/users/user0/documents/0426-stm32/gcc-arm-none-eabi-10.3-2021.10/bin/../lib/gcc/arm-none-eabi/10.3.1/../../../../arm-none-eabi/lib/thumb/v7-m/nofp\libc_nano.a(lib_a-exit.o)
                              d:/users/user0/documents/0426-stm32/gcc-arm-none-eabi-10.3-2021.10/bin/../lib/gcc/arm-none-eabi/10.3.1/../../../../arm-none-eabi/lib/thumb/v7-m/nofp/crt0.o (exit)
d:/users/user0/documents/0426-stm32/gcc-arm-none-eabi-10.3-2021.10/bin/../lib/gcc/arm-none-eabi/10.3.1/../../../../arm-none-eabi/lib/thumb/v7-m/nofp\libc_nano.a(lib_a-impure.o)
                              d:/users/user0/documents/0426-stm32/gcc-arm-none-eabi-10.3-2021.10/bin/../lib/gcc/arm-none-eabi/10.3.1/../../../../arm-none-eabi/lib/thumb/v7-m/nofp\libc_nano.a(lib_a-exit.o) (_global_impure_ptr)
d:/users/user0/documents/0426-stm32/gcc-arm-none-eabi-10.3-2021.10/bin/../lib/gcc/arm-none-eabi/10.3.1/../../../../arm-none-eabi/lib/thumb/v7-m/nofp\libc_nano.a(lib_a-init.o)
                              d:/users/user0/documents/0426-stm32/gcc-arm-none-eabi-10.3-2021.10/bin/../lib/gcc/arm-none-eabi/10.3.1/../../../../arm-none-eabi/lib/thumb/v7-m/nofp/crt0.o (__libc_init_array)
d:/users/user0/documents/0426-stm32/gcc-arm-none-eabi-10.3-2021.10/bin/../lib/gcc/arm-none-eabi/10.3.1/../../../../arm-none-eabi/lib/thumb/v7-m/nofp\libc_nano.a(lib_a-memset.o)
                              d:/users/user0/documents/0426-stm32/gcc-arm-none-eabi-10.3-2021.10/bin/../lib/gcc/arm-none-eabi/10.3.1/../../../../arm-none-eabi/lib/thumb/v7-m/nofp/crt0.o (memset)
d:/users/user0/documents/0426-stm32/gcc-arm-none-eabi-10.3-2021.10/bin/../lib/gcc/arm-none-eabi/10.3.1/../../../../arm-none-eabi/lib/thumb/v7-m/nofp\libnosys.a(_exit.o)
                              d:/users/user0/documents/0426-stm32/gcc-arm-none-eabi-10.3-2021.10/bin/../lib/gcc/arm-none-eabi/10.3.1/../../../../arm-none-eabi/lib/thumb/v7-m/nofp\libc_nano.a(lib_a-exit.o) (_exit)

Discarded input sections

 .text          0x00000000        0x0 d:/users/user0/documents/0426-stm32/gcc-arm-none-eabi-10.3-2021.10/bin/../lib/gcc/arm-none-eabi/10.3.1/thumb/v7-m/nofp/crti.o
 .data          0x00000000        0x0 d:/users/user0/documents/0426-stm32/gcc-arm-none-eabi-10.3-2021.10/bin/../lib/gcc/arm-none-eabi/10.3.1/thumb/v7-m/nofp/crti.o
 .bss           0x00000000        0x0 d:/users/user0/documents/0426-stm32/gcc-arm-none-eabi-10.3-2021.10/bin/../lib/gcc/arm-none-eabi/10.3.1/thumb/v7-m/nofp/crti.o
 .data          0x00000000        0x4 d:/users/user0/documents/0426-stm32/gcc-arm-none-eabi-10.3-2021.10/bin/../lib/gcc/arm-none-eabi/10.3.1/thumb/v7-m/nofp/crtbegin.o
 .rodata        0x00000000       0x24 d:/users/user0/documents/0426-stm32/gcc-arm-none-eabi-10.3-2021.10/bin/../lib/gcc/arm-none-eabi/10.3.1/thumb/v7-m/nofp/crtbegin.o
 .text          0x00000000       0x7c d:/users/user0/documents/0426-stm32/gcc-arm-none-eabi-10.3-2021.10/bin/../lib/gcc/arm-none-eabi/10.3.1/../../../../arm-none-eabi/lib/thumb/v7-m/nofp/crt0.o
 .data          0x00000000        0x0 d:/users/user0/documents/0426-stm32/gcc-arm-none-eabi-10.3-2021.10/bin/../lib/gcc/arm-none-eabi/10.3.1/../../../../arm-none-eabi/lib/thumb/v7-m/nofp/crt0.o
 .bss           0x00000000        0x0 d:/users/user0/documents/0426-stm32/gcc-arm-none-eabi-10.3-2021.10/bin/../lib/gcc/arm-none-eabi/10.3.1/../../../../arm-none-eabi/lib/thumb/v7-m/nofp/crt0.o
 .ARM.extab     0x00000000        0x0 d:/users/user0/documents/0426-stm32/gcc-arm-none-eabi-10.3-2021.10/bin/../lib/gcc/arm-none-eabi/10.3.1/../../../../arm-none-eabi/lib/thumb/v7-m/nofp/crt0.o
 .ARM.exidx     0x00000000       0x10 d:/users/user0/documents/0426-stm32/gcc-arm-none-eabi-10.3-2021.10/bin/../lib/gcc/arm-none-eabi/10.3.1/../../../../arm-none-eabi/lib/thumb/v7-m/nofp/crt0.o
 .ARM.attributes
                0x00000000       0x1b d:/users/user0/documents/0426-stm32/gcc-arm-none-eabi-10.3-2021.10/bin/../lib/gcc/arm-none-eabi/10.3.1/../../../../arm-none-eabi/lib/thumb/v7-m/nofp/crt0.o
 .group         0x00000000        0xc main.o
 .group         0x00000000        0xc main.o
 .group         0x00000000        0xc main.o
 .group         0x00000000        0xc main.o
 .group         0x00000000        0xc main.o
 .group         0x00000000        0xc main.o
 .group         0x00000000        0xc main.o
 .group         0x00000000        0xc main.o
 .group         0x00000000        0xc main.o
 .group         0x00000000        0xc main.o
 .group         0x00000000        0xc main.o
 .group         0x00000000        0xc main.o
 .group         0x00000000        0xc main.o
 .text          0x00000000        0x0 main.o
 .data          0x00000000        0x0 main.o
 .bss           0x00000000        0x0 main.o
 .text          0x00000000       0x14 startup_stm32f103x6.o
 .data          0x00000000        0x0 startup_stm32f103x6.o
 .bss           0x00000000        0x0 startup_stm32f103x6.o
 .group         0x00000000        0xc system_stm32f1xx.o
 .group         0x00000000        0xc system_stm32f1xx.o
 .group         0x00000000        0xc system_stm32f1xx.o
 .group         0x00000000        0xc system_stm32f1xx.o
 .group         0x00000000        0xc system_stm32f1xx.o
 .group         0x00000000        0xc system_stm32f1xx.o
 .group         0x00000000        0xc system_stm32f1xx.o
 .group         0x00000000        0xc system_stm32f1xx.o
 .group         0x00000000        0xc system_stm32f1xx.o
 .group         0x00000000        0xc system_stm32f1xx.o
 .group         0x00000000        0xc system_stm32f1xx.o
 .group         0x00000000        0xc system_stm32f1xx.o
 .group         0x00000000        0xc system_stm32f1xx.o
 .group         0x00000000        0xc system_stm32f1xx.o
 .group         0x00000000        0xc system_stm32f1xx.o
 .text          0x00000000        0x0 system_stm32f1xx.o
 .data          0x00000000        0x0 system_stm32f1xx.o
 .bss           0x00000000        0x0 system_stm32f1xx.o
 .data.SystemCoreClock
                0x00000000        0x4 system_stm32f1xx.o
 .rodata.AHBPrescTable
                0x00000000       0x10 system_stm32f1xx.o
 .rodata.APBPrescTable
                0x00000000        0x8 system_stm32f1xx.o
 .text.SystemCoreClockUpdate
                0x00000000       0xe4 system_stm32f1xx.o
 .debug_macro   0x00000000      0xa60 system_stm32f1xx.o
 .debug_macro   0x00000000       0x22 system_stm32f1xx.o
 .debug_macro   0x00000000       0x8e system_stm32f1xx.o
 .debug_macro   0x00000000       0x51 system_stm32f1xx.o
 .debug_macro   0x00000000      0x103 system_stm32f1xx.o
 .debug_macro   0x00000000       0x6a system_stm32f1xx.o
 .debug_macro   0x00000000      0x1df system_stm32f1xx.o
 .debug_macro   0x00000000       0x1c system_stm32f1xx.o
 .debug_macro   0x00000000       0x22 system_stm32f1xx.o
 .debug_macro   0x00000000       0xbd system_stm32f1xx.o
 .debug_macro   0x00000000      0xd23 system_stm32f1xx.o
 .text          0x00000000        0x0 d:/users/user0/documents/0426-stm32/gcc-arm-none-eabi-10.3-2021.10/bin/../lib/gcc/arm-none-eabi/10.3.1/../../../../arm-none-eabi/lib/thumb/v7-m/nofp\libc_nano.a(lib_a-exit.o)
 .data          0x00000000        0x0 d:/users/user0/documents/0426-stm32/gcc-arm-none-eabi-10.3-2021.10/bin/../lib/gcc/arm-none-eabi/10.3.1/../../../../arm-none-eabi/lib/thumb/v7-m/nofp\libc_nano.a(lib_a-exit.o)
 .bss           0x00000000        0x0 d:/users/user0/documents/0426-stm32/gcc-arm-none-eabi-10.3-2021.10/bin/../lib/gcc/arm-none-eabi/10.3.1/../../../../arm-none-eabi/lib/thumb/v7-m/nofp\libc_nano.a(lib_a-exit.o)
 .text.exit     0x00000000       0x28 d:/users/user0/documents/0426-stm32/gcc-arm-none-eabi-10.3-2021.10/bin/../lib/gcc/arm-none-eabi/10.3.1/../../../../arm-none-eabi/lib/thumb/v7-m/nofp\libc_nano.a(lib_a-exit.o)
 .debug_frame   0x00000000       0x28 d:/users/user0/documents/0426-stm32/gcc-arm-none-eabi-10.3-2021.10/bin/../lib/gcc/arm-none-eabi/10.3.1/../../../../arm-none-eabi/lib/thumb/v7-m/nofp\libc_nano.a(lib_a-exit.o)
 .ARM.attributes
                0x00000000       0x2d d:/users/user0/documents/0426-stm32/gcc-arm-none-eabi-10.3-2021.10/bin/../lib/gcc/arm-none-eabi/10.3.1/../../../../arm-none-eabi/lib/thumb/v7-m/nofp\libc_nano.a(lib_a-exit.o)
 .text          0x00000000        0x0 d:/users/user0/documents/0426-stm32/gcc-arm-none-eabi-10.3-2021.10/bin/../lib/gcc/arm-none-eabi/10.3.1/../../../../arm-none-eabi/lib/thumb/v7-m/nofp\libc_nano.a(lib_a-impure.o)
 .data          0x00000000        0x0 d:/users/user0/documents/0426-stm32/gcc-arm-none-eabi-10.3-2021.10/bin/../lib/gcc/arm-none-eabi/10.3.1/../../../../arm-none-eabi/lib/thumb/v7-m/nofp\libc_nano.a(lib_a-impure.o)
 .bss           0x00000000        0x0 d:/users/user0/documents/0426-stm32/gcc-arm-none-eabi-10.3-2021.10/bin/../lib/gcc/arm-none-eabi/10.3.1/../../../../arm-none-eabi/lib/thumb/v7-m/nofp\libc_nano.a(lib_a-impure.o)
 .data._impure_ptr
                0x00000000        0x4 d:/users/user0/documents/0426-stm32/gcc-arm-none-eabi-10.3-2021.10/bin/../lib/gcc/arm-none-eabi/10.3.1/../../../../arm-none-eabi/lib/thumb/v7-m/nofp\libc_nano.a(lib_a-impure.o)
 .data.impure_data
                0x00000000       0x60 d:/users/user0/documents/0426-stm32/gcc-arm-none-eabi-10.3-2021.10/bin/../lib/gcc/arm-none-eabi/10.3.1/../../../../arm-none-eabi/lib/thumb/v7-m/nofp\libc_nano.a(lib_a-impure.o)
 .rodata._global_impure_ptr
                0x00000000        0x4 d:/users/user0/documents/0426-stm32/gcc-arm-none-eabi-10.3-2021.10/bin/../lib/gcc/arm-none-eabi/10.3.1/../../../../arm-none-eabi/lib/thumb/v7-m/nofp\libc_nano.a(lib_a-impure.o)
 .ARM.attributes
                0x00000000       0x2d d:/users/user0/documents/0426-stm32/gcc-arm-none-eabi-10.3-2021.10/bin/../lib/gcc/arm-none-eabi/10.3.1/../../../../arm-none-eabi/lib/thumb/v7-m/nofp\libc_nano.a(lib_a-impure.o)
 .text          0x00000000        0x0 d:/users/user0/documents/0426-stm32/gcc-arm-none-eabi-10.3-2021.10/bin/../lib/gcc/arm-none-eabi/10.3.1/../../../../arm-none-eabi/lib/thumb/v7-m/nofp\libc_nano.a(lib_a-init.o)
 .data          0x00000000        0x0 d:/users/user0/documents/0426-stm32/gcc-arm-none-eabi-10.3-2021.10/bin/../lib/gcc/arm-none-eabi/10.3.1/../../../../arm-none-eabi/lib/thumb/v7-m/nofp\libc_nano.a(lib_a-init.o)
 .bss           0x00000000        0x0 d:/users/user0/documents/0426-stm32/gcc-arm-none-eabi-10.3-2021.10/bin/../lib/gcc/arm-none-eabi/10.3.1/../../../../arm-none-eabi/lib/thumb/v7-m/nofp\libc_nano.a(lib_a-init.o)
 .text          0x00000000        0x0 d:/users/user0/documents/0426-stm32/gcc-arm-none-eabi-10.3-2021.10/bin/../lib/gcc/arm-none-eabi/10.3.1/../../../../arm-none-eabi/lib/thumb/v7-m/nofp\libc_nano.a(lib_a-memset.o)
 .data          0x00000000        0x0 d:/users/user0/documents/0426-stm32/gcc-arm-none-eabi-10.3-2021.10/bin/../lib/gcc/arm-none-eabi/10.3.1/../../../../arm-none-eabi/lib/thumb/v7-m/nofp\libc_nano.a(lib_a-memset.o)
 .bss           0x00000000        0x0 d:/users/user0/documents/0426-stm32/gcc-arm-none-eabi-10.3-2021.10/bin/../lib/gcc/arm-none-eabi/10.3.1/../../../../arm-none-eabi/lib/thumb/v7-m/nofp\libc_nano.a(lib_a-memset.o)
 .text.memset   0x00000000       0x10 d:/users/user0/documents/0426-stm32/gcc-arm-none-eabi-10.3-2021.10/bin/../lib/gcc/arm-none-eabi/10.3.1/../../../../arm-none-eabi/lib/thumb/v7-m/nofp\libc_nano.a(lib_a-memset.o)
 .debug_frame   0x00000000       0x20 d:/users/user0/documents/0426-stm32/gcc-arm-none-eabi-10.3-2021.10/bin/../lib/gcc/arm-none-eabi/10.3.1/../../../../arm-none-eabi/lib/thumb/v7-m/nofp\libc_nano.a(lib_a-memset.o)
 .ARM.attributes
                0x00000000       0x2d d:/users/user0/documents/0426-stm32/gcc-arm-none-eabi-10.3-2021.10/bin/../lib/gcc/arm-none-eabi/10.3.1/../../../../arm-none-eabi/lib/thumb/v7-m/nofp\libc_nano.a(lib_a-memset.o)
 .text          0x00000000        0x0 d:/users/user0/documents/0426-stm32/gcc-arm-none-eabi-10.3-2021.10/bin/../lib/gcc/arm-none-eabi/10.3.1/../../../../arm-none-eabi/lib/thumb/v7-m/nofp\libnosys.a(_exit.o)
 .data          0x00000000        0x0 d:/users/user0/documents/0426-stm32/gcc-arm-none-eabi-10.3-2021.10/bin/../lib/gcc/arm-none-eabi/10.3.1/../../../../arm-none-eabi/lib/thumb/v7-m/nofp\libnosys.a(_exit.o)
 .bss           0x00000000        0x0 d:/users/user0/documents/0426-stm32/gcc-arm-none-eabi-10.3-2021.10/bin/../lib/gcc/arm-none-eabi/10.3.1/../../../../arm-none-eabi/lib/thumb/v7-m/nofp\libnosys.a(_exit.o)
 .text._exit    0x00000000        0x4 d:/users/user0/documents/0426-stm32/gcc-arm-none-eabi-10.3-2021.10/bin/../lib/gcc/arm-none-eabi/10.3.1/../../../../arm-none-eabi/lib/thumb/v7-m/nofp\libnosys.a(_exit.o)
 .debug_frame   0x00000000       0x20 d:/users/user0/documents/0426-stm32/gcc-arm-none-eabi-10.3-2021.10/bin/../lib/gcc/arm-none-eabi/10.3.1/../../../../arm-none-eabi/lib/thumb/v7-m/nofp\libnosys.a(_exit.o)
 .ARM.attributes
                0x00000000       0x2d d:/users/user0/documents/0426-stm32/gcc-arm-none-eabi-10.3-2021.10/bin/../lib/gcc/arm-none-eabi/10.3.1/../../../../arm-none-eabi/lib/thumb/v7-m/nofp\libnosys.a(_exit.o)
 .text          0x00000000        0x0 d:/users/user0/documents/0426-stm32/gcc-arm-none-eabi-10.3-2021.10/bin/../lib/gcc/arm-none-eabi/10.3.1/thumb/v7-m/nofp/crtend.o
 .data          0x00000000        0x0 d:/users/user0/documents/0426-stm32/gcc-arm-none-eabi-10.3-2021.10/bin/../lib/gcc/arm-none-eabi/10.3.1/thumb/v7-m/nofp/crtend.o
 .bss           0x00000000        0x0 d:/users/user0/documents/0426-stm32/gcc-arm-none-eabi-10.3-2021.10/bin/../lib/gcc/arm-none-eabi/10.3.1/thumb/v7-m/nofp/crtend.o
 .rodata        0x00000000       0x24 d:/users/user0/documents/0426-stm32/gcc-arm-none-eabi-10.3-2021.10/bin/../lib/gcc/arm-none-eabi/10.3.1/thumb/v7-m/nofp/crtend.o
 .eh_frame      0x00000000        0x4 d:/users/user0/documents/0426-stm32/gcc-arm-none-eabi-10.3-2021.10/bin/../lib/gcc/arm-none-eabi/10.3.1/thumb/v7-m/nofp/crtend.o
 .ARM.attributes
                0x00000000       0x2d d:/users/user0/documents/0426-stm32/gcc-arm-none-eabi-10.3-2021.10/bin/../lib/gcc/arm-none-eabi/10.3.1/thumb/v7-m/nofp/crtend.o
 .text          0x00000000        0x0 d:/users/user0/documents/0426-stm32/gcc-arm-none-eabi-10.3-2021.10/bin/../lib/gcc/arm-none-eabi/10.3.1/thumb/v7-m/nofp/crtn.o
 .data          0x00000000        0x0 d:/users/user0/documents/0426-stm32/gcc-arm-none-eabi-10.3-2021.10/bin/../lib/gcc/arm-none-eabi/10.3.1/thumb/v7-m/nofp/crtn.o
 .bss           0x00000000        0x0 d:/users/user0/documents/0426-stm32/gcc-arm-none-eabi-10.3-2021.10/bin/../lib/gcc/arm-none-eabi/10.3.1/thumb/v7-m/nofp/crtn.o

Memory Configuration

Name             Origin             Length             Attributes
FLASH            0x08000000         0x00008000         xr
RAM              0x20000000         0x00002800         xrw
*default*        0x00000000         0xffffffff

Linker script and memory map

LOAD d:/users/user0/documents/0426-stm32/gcc-arm-none-eabi-10.3-2021.10/bin/../lib/gcc/arm-none-eabi/10.3.1/thumb/v7-m/nofp/crti.o
LOAD d:/users/user0/documents/0426-stm32/gcc-arm-none-eabi-10.3-2021.10/bin/../lib/gcc/arm-none-eabi/10.3.1/thumb/v7-m/nofp/crtbegin.o
LOAD d:/users/user0/documents/0426-stm32/gcc-arm-none-eabi-10.3-2021.10/bin/../lib/gcc/arm-none-eabi/10.3.1/../../../../arm-none-eabi/lib/thumb/v7-m/nofp/crt0.o
LOAD main.o
LOAD startup_stm32f103x6.o
LOAD system_stm32f1xx.o
START GROUP
LOAD d:/users/user0/documents/0426-stm32/gcc-arm-none-eabi-10.3-2021.10/bin/../lib/gcc/arm-none-eabi/10.3.1/../../../../arm-none-eabi/lib/thumb/v7-m/nofp\libc_nano.a
LOAD d:/users/user0/documents/0426-stm32/gcc-arm-none-eabi-10.3-2021.10/bin/../lib/gcc/arm-none-eabi/10.3.1/../../../../arm-none-eabi/lib/thumb/v7-m/nofp\libm.a
END GROUP
START GROUP
LOAD d:/users/user0/documents/0426-stm32/gcc-arm-none-eabi-10.3-2021.10/bin/../lib/gcc/arm-none-eabi/10.3.1/thumb/v7-m/nofp\libgcc.a
LOAD d:/users/user0/documents/0426-stm32/gcc-arm-none-eabi-10.3-2021.10/bin/../lib/gcc/arm-none-eabi/10.3.1/../../../../arm-none-eabi/lib/thumb/v7-m/nofp\libc_nano.a
END GROUP
START GROUP
LOAD d:/users/user0/documents/0426-stm32/gcc-arm-none-eabi-10.3-2021.10/bin/../lib/gcc/arm-none-eabi/10.3.1/thumb/v7-m/nofp\libgcc.a
LOAD d:/users/user0/documents/0426-stm32/gcc-arm-none-eabi-10.3-2021.10/bin/../lib/gcc/arm-none-eabi/10.3.1/../../../../arm-none-eabi/lib/thumb/v7-m/nofp\libc_nano.a
LOAD d:/users/user0/documents/0426-stm32/gcc-arm-none-eabi-10.3-2021.10/bin/../lib/gcc/arm-none-eabi/10.3.1/../../../../arm-none-eabi/lib/thumb/v7-m/nofp\libnosys.a
END GROUP
START GROUP
LOAD d:/users/user0/documents/0426-stm32/gcc-arm-none-eabi-10.3-2021.10/bin/../lib/gcc/arm-none-eabi/10.3.1/thumb/v7-m/nofp\libgcc.a
LOAD d:/users/user0/documents/0426-stm32/gcc-arm-none-eabi-10.3-2021.10/bin/../lib/gcc/arm-none-eabi/10.3.1/../../../../arm-none-eabi/lib/thumb/v7-m/nofp\libc_nano.a
LOAD d:/users/user0/documents/0426-stm32/gcc-arm-none-eabi-10.3-2021.10/bin/../lib/gcc/arm-none-eabi/10.3.1/../../../../arm-none-eabi/lib/thumb/v7-m/nofp\libnosys.a
END GROUP
LOAD d:/users/user0/documents/0426-stm32/gcc-arm-none-eabi-10.3-2021.10/bin/../lib/gcc/arm-none-eabi/10.3.1/thumb/v7-m/nofp/crtend.o
LOAD d:/users/user0/documents/0426-stm32/gcc-arm-none-eabi-10.3-2021.10/bin/../lib/gcc/arm-none-eabi/10.3.1/thumb/v7-m/nofp/crtn.o
                0x200027ff                _estack = 0x200027ff
                0x00000200                _Min_Heap_Size = 0x200
                0x00000400                _Min_Stack_Size = 0x400

.isr_vector     0x08000000      0x10c
                0x08000000                . = ALIGN (0x4)
 *(.isr_vector)
 .isr_vector    0x08000000      0x10c startup_stm32f103x6.o
                0x08000000                g_pfnVectors
                0x0800010c                . = ALIGN (0x4)

.text           0x0800010c      0x368
                0x0800010c                . = ALIGN (0x4)
 *(.text)
 .text          0x0800010c       0x40 d:/users/user0/documents/0426-stm32/gcc-arm-none-eabi-10.3-2021.10/bin/../lib/gcc/arm-none-eabi/10.3.1/thumb/v7-m/nofp/crtbegin.o
 *(.text*)
 .text.sleep_iter
                0x0800014c       0x28 main.o
                0x0800014c                sleep_iter
 .text.pwm_up   0x08000174       0x60 main.o
                0x08000174                pwm_up
 .text.pwm_down
                0x080001d4       0x64 main.o
                0x080001d4                pwm_down
 .text.morze_dot
                0x08000238       0x10 main.o
                0x08000238                morze_dot
 .text.morze_dash
                0x08000248       0x30 main.o
                0x08000248                morze_dash
 .text.morze_pause
                0x08000278       0x3c main.o
                0x08000278                morze_pause
 .text.morze_longpause
                0x080002b4       0x2c main.o
                0x080002b4                morze_longpause
 .text.main     0x080002e0       0x80 main.o
                0x080002e0                main
 .text.Reset_Handler
                0x08000360       0x48 startup_stm32f103x6.o
                0x08000360                Reset_Handler
 .text.Default_Handler
                0x080003a8        0x2 startup_stm32f103x6.o
                0x080003a8                RTC_Alarm_IRQHandler
                0x080003a8                EXTI2_IRQHandler
                0x080003a8                DebugMon_Handler
                0x080003a8                TIM1_CC_IRQHandler
                0x080003a8                HardFault_Handler
                0x080003a8                SysTick_Handler
                0x080003a8                PVD_IRQHandler
                0x080003a8                PendSV_Handler
                0x080003a8                NMI_Handler
                0x080003a8                EXTI3_IRQHandler
                0x080003a8                EXTI0_IRQHandler
                0x080003a8                UsageFault_Handler
                0x080003a8                ADC1_2_IRQHandler
                0x080003a8                SPI1_IRQHandler
                0x080003a8                TAMPER_IRQHandler
                0x080003a8                DMA1_Channel4_IRQHandler
                0x080003a8                RTC_IRQHandler
                0x080003a8                DMA1_Channel7_IRQHandler
                0x080003a8                CAN1_RX1_IRQHandler
                0x080003a8                I2C1_EV_IRQHandler
                0x080003a8                DMA1_Channel6_IRQHandler
                0x080003a8                TIM3_IRQHandler
                0x080003a8                RCC_IRQHandler
                0x080003a8                TIM1_TRG_COM_IRQHandler
                0x080003a8                DMA1_Channel1_IRQHandler
                0x080003a8                Default_Handler
                0x080003a8                EXTI15_10_IRQHandler
                0x080003a8                EXTI9_5_IRQHandler
                0x080003a8                MemManage_Handler
                0x080003a8                SVC_Handler
                0x080003a8                DMA1_Channel5_IRQHandler
                0x080003a8                EXTI4_IRQHandler
                0x080003a8                USB_LP_CAN1_RX0_IRQHandler
                0x080003a8                USB_HP_CAN1_TX_IRQHandler
                0x080003a8                DMA1_Channel3_IRQHandler
                0x080003a8                TIM1_UP_IRQHandler
                0x080003a8                WWDG_IRQHandler
                0x080003a8                TIM2_IRQHandler
                0x080003a8                TIM1_BRK_IRQHandler
                0x080003a8                EXTI1_IRQHandler
                0x080003a8                USART2_IRQHandler
                0x080003a8                DMA1_Channel2_IRQHandler
                0x080003a8                CAN1_SCE_IRQHandler
                0x080003a8                FLASH_IRQHandler
                0x080003a8                BusFault_Handler
                0x080003a8                USART1_IRQHandler
                0x080003a8                I2C1_ER_IRQHandler
                0x080003a8                USBWakeUp_IRQHandler
 *fill*         0x080003aa        0x2 
 .text.SystemInit
                0x080003ac       0x68 system_stm32f1xx.o
                0x080003ac                SystemInit
 .text.__libc_init_array
                0x08000414       0x48 d:/users/user0/documents/0426-stm32/gcc-arm-none-eabi-10.3-2021.10/bin/../lib/gcc/arm-none-eabi/10.3.1/../../../../arm-none-eabi/lib/thumb/v7-m/nofp\libc_nano.a(lib_a-init.o)
                0x08000414                __libc_init_array
 *(.glue_7)
 .glue_7        0x0800045c        0x0 linker stubs
 *(.glue_7t)
 .glue_7t       0x0800045c        0x0 linker stubs
 *(.eh_frame)
 .eh_frame      0x0800045c        0x0 d:/users/user0/documents/0426-stm32/gcc-arm-none-eabi-10.3-2021.10/bin/../lib/gcc/arm-none-eabi/10.3.1/thumb/v7-m/nofp/crtbegin.o
 *(.init)
 .init          0x0800045c        0x4 d:/users/user0/documents/0426-stm32/gcc-arm-none-eabi-10.3-2021.10/bin/../lib/gcc/arm-none-eabi/10.3.1/thumb/v7-m/nofp/crti.o
                0x0800045c                _init
 .init          0x08000460        0x8 d:/users/user0/documents/0426-stm32/gcc-arm-none-eabi-10.3-2021.10/bin/../lib/gcc/arm-none-eabi/10.3.1/thumb/v7-m/nofp/crtn.o
 *(.fini)
 .fini          0x08000468        0x4 d:/users/user0/documents/0426-stm32/gcc-arm-none-eabi-10.3-2021.10/bin/../lib/gcc/arm-none-eabi/10.3.1/thumb/v7-m/nofp/crti.o
                0x08000468                _fini
 .fini          0x0800046c        0x8 d:/users/user0/documents/0426-stm32/gcc-arm-none-eabi-10.3-2021.10/bin/../lib/gcc/arm-none-eabi/10.3.1/thumb/v7-m/nofp/crtn.o
                0x08000474                . = ALIGN (0x4)
                0x08000474                _etext = .

.vfp11_veneer   0x08000474        0x0
 .vfp11_veneer  0x08000474        0x0 linker stubs

.v4_bx          0x08000474        0x0
 .v4_bx         0x08000474        0x0 linker stubs

.iplt           0x08000474        0x0
 .iplt          0x08000474        0x0 d:/users/user0/documents/0426-stm32/gcc-arm-none-eabi-10.3-2021.10/bin/../lib/gcc/arm-none-eabi/10.3.1/thumb/v7-m/nofp/crtbegin.o

.rel.dyn        0x08000474        0x0
 .rel.iplt      0x08000474        0x0 d:/users/user0/documents/0426-stm32/gcc-arm-none-eabi-10.3-2021.10/bin/../lib/gcc/arm-none-eabi/10.3.1/thumb/v7-m/nofp/crtbegin.o

.rodata         0x08000474        0x0
                0x08000474                . = ALIGN (0x4)
 *(.rodata)
 *(.rodata*)
                0x08000474                . = ALIGN (0x4)

.ARM.extab
 *(.ARM.extab* .gnu.linkonce.armextab.*)

.ARM            0x08000474        0x0
                0x08000474                __exidx_start = .
 *(.ARM.exidx*)
                0x08000474                __exidx_end = .

.preinit_array  0x08000474        0x0
                0x08000474                PROVIDE (__preinit_array_start = .)
 *(.preinit_array*)
                0x08000474                PROVIDE (__preinit_array_end = .)

.init_array     0x08000474        0x4
                0x08000474                PROVIDE (__init_array_start = .)
 *(SORT_BY_NAME(.init_array.*))
 *(.init_array*)
 .init_array    0x08000474        0x4 d:/users/user0/documents/0426-stm32/gcc-arm-none-eabi-10.3-2021.10/bin/../lib/gcc/arm-none-eabi/10.3.1/thumb/v7-m/nofp/crtbegin.o
                0x08000478                PROVIDE (__init_array_end = .)

.fini_array     0x08000478        0x4
                [!provide]                PROVIDE (__fini_array_start = .)
 *(SORT_BY_NAME(.fini_array.*))
 *(.fini_array*)
 .fini_array    0x08000478        0x4 d:/users/user0/documents/0426-stm32/gcc-arm-none-eabi-10.3-2021.10/bin/../lib/gcc/arm-none-eabi/10.3.1/thumb/v7-m/nofp/crtbegin.o
                [!provide]                PROVIDE (__fini_array_end = .)
                0x0800047c                _sidata = LOADADDR (.data)

.data           0x20000000        0x0 load address 0x0800047c
                0x20000000                . = ALIGN (0x4)
                0x20000000                _sdata = .
 *(.data)
 *(.data*)
                0x20000000                . = ALIGN (0x4)
                0x20000000                _edata = .

.igot.plt       0x20000000        0x0 load address 0x0800047c
 .igot.plt      0x20000000        0x0 d:/users/user0/documents/0426-stm32/gcc-arm-none-eabi-10.3-2021.10/bin/../lib/gcc/arm-none-eabi/10.3.1/thumb/v7-m/nofp/crtbegin.o
                0x20000000                . = ALIGN (0x4)

.bss            0x20000000       0x1c load address 0x0800047c
                0x20000000                _sbss = .
                0x20000000                __bss_start__ = _sbss
 *(.bss)
 .bss           0x20000000       0x1c d:/users/user0/documents/0426-stm32/gcc-arm-none-eabi-10.3-2021.10/bin/../lib/gcc/arm-none-eabi/10.3.1/thumb/v7-m/nofp/crtbegin.o
 *(.bss*)
 *(COMMON)
                0x2000001c                . = ALIGN (0x4)
                0x2000001c                _ebss = .
                0x2000001c                __bss_end__ = _ebss

._user_heap_stack
                0x2000001c      0x604 load address 0x0800047c
                0x20000020                . = ALIGN (0x8)
 *fill*         0x2000001c        0x4 
                [!provide]                PROVIDE (end = .)
                [!provide]                PROVIDE (_end = .)
                0x20000220                . = (. + _Min_Heap_Size)
 *fill*         0x20000020      0x200 
                0x20000620                . = (. + _Min_Stack_Size)
 *fill*         0x20000220      0x400 
                0x20000620                . = ALIGN (0x8)

/DISCARD/
 libc.a(*)
 libm.a(*)
 libgcc.a(*)

.ARM.attributes
                0x00000000       0x29
 *(.ARM.attributes)
 .ARM.attributes
                0x00000000       0x1d d:/users/user0/documents/0426-stm32/gcc-arm-none-eabi-10.3-2021.10/bin/../lib/gcc/arm-none-eabi/10.3.1/thumb/v7-m/nofp/crti.o
 .ARM.attributes
                0x0000001d       0x2d d:/users/user0/documents/0426-stm32/gcc-arm-none-eabi-10.3-2021.10/bin/../lib/gcc/arm-none-eabi/10.3.1/thumb/v7-m/nofp/crtbegin.o
 .ARM.attributes
                0x0000004a       0x2d main.o
 .ARM.attributes
                0x00000077       0x21 startup_stm32f103x6.o
 .ARM.attributes
                0x00000098       0x2d system_stm32f1xx.o
 .ARM.attributes
                0x000000c5       0x2d d:/users/user0/documents/0426-stm32/gcc-arm-none-eabi-10.3-2021.10/bin/../lib/gcc/arm-none-eabi/10.3.1/../../../../arm-none-eabi/lib/thumb/v7-m/nofp\libc_nano.a(lib_a-init.o)
 .ARM.attributes
                0x000000f2       0x1d d:/users/user0/documents/0426-stm32/gcc-arm-none-eabi-10.3-2021.10/bin/../lib/gcc/arm-none-eabi/10.3.1/thumb/v7-m/nofp/crtn.o
OUTPUT(build.elf elf32-littlearm)
LOAD linker stubs
LOAD d:/users/user0/documents/0426-stm32/gcc-arm-none-eabi-10.3-2021.10/bin/../lib/gcc/arm-none-eabi/10.3.1/../../../../arm-none-eabi/lib/thumb/v7-m/nofp\libc.a
LOAD d:/users/user0/documents/0426-stm32/gcc-arm-none-eabi-10.3-2021.10/bin/../lib/gcc/arm-none-eabi/10.3.1/../../../../arm-none-eabi/lib/thumb/v7-m/nofp\libm.a
LOAD d:/users/user0/documents/0426-stm32/gcc-arm-none-eabi-10.3-2021.10/bin/../lib/gcc/arm-none-eabi/10.3.1/thumb/v7-m/nofp\libgcc.a

.debug_info     0x00000000      0x787
 .debug_info    0x00000000      0x374 main.o
 .debug_info    0x00000374       0x22 startup_stm32f103x6.o
 .debug_info    0x00000396      0x3f1 system_stm32f1xx.o

.debug_abbrev   0x00000000      0x276
 .debug_abbrev  0x00000000      0x129 main.o
 .debug_abbrev  0x00000129       0x12 startup_stm32f103x6.o
 .debug_abbrev  0x0000013b      0x13b system_stm32f1xx.o

.debug_aranges  0x00000000       0xa8
 .debug_aranges
                0x00000000       0x58 main.o
 .debug_aranges
                0x00000058       0x28 startup_stm32f103x6.o
 .debug_aranges
                0x00000080       0x28 system_stm32f1xx.o

.debug_ranges   0x00000000       0x80
 .debug_ranges  0x00000000       0x48 main.o
 .debug_ranges  0x00000048       0x20 startup_stm32f103x6.o
 .debug_ranges  0x00000068       0x18 system_stm32f1xx.o

.debug_macro    0x00000000    0x1de3d
 .debug_macro   0x00000000       0xad main.o
 .debug_macro   0x000000ad      0xa60 main.o
 .debug_macro   0x00000b0d       0x22 main.o
 .debug_macro   0x00000b2f       0x22 main.o
 .debug_macro   0x00000b51       0x8e main.o
 .debug_macro   0x00000bdf       0x51 main.o
 .debug_macro   0x00000c30      0x103 main.o
 .debug_macro   0x00000d33       0x6a main.o
 .debug_macro   0x00000d9d      0x1df main.o
 .debug_macro   0x00000f7c       0x1c main.o
 .debug_macro   0x00000f98       0x22 main.o
 .debug_macro   0x00000fba       0xbd main.o
 .debug_macro   0x00001077      0xd23 main.o
 .debug_macro   0x00001d9a     0xe09e main.o
 .debug_macro   0x0000fe38       0xcd system_stm32f1xx.o
 .debug_macro   0x0000ff05       0x34 system_stm32f1xx.o
 .debug_macro   0x0000ff39       0x22 system_stm32f1xx.o
 .debug_macro   0x0000ff5b     0xde75 system_stm32f1xx.o
 .debug_macro   0x0001ddd0       0x6d system_stm32f1xx.o

.debug_line     0x00000000      0x8c8
 .debug_line    0x00000000      0x491 main.o
 .debug_line    0x00000491       0x8b startup_stm32f103x6.o
 .debug_line    0x0000051c      0x3ac system_stm32f1xx.o

.debug_str      0x00000000    0x553e9
 .debug_str     0x00000000    0x53c52 main.o
                              0x53e81 (size before relaxing)
 .debug_str     0x00053c52       0x3d startup_stm32f103x6.o
                                 0x7d (size before relaxing)
 .debug_str     0x00053c8f     0x175a system_stm32f1xx.o
                              0x5345a (size before relaxing)

.comment        0x00000000       0x49
 .comment       0x00000000       0x49 main.o
                                 0x4a (size before relaxing)
 .comment       0x00000049       0x4a system_stm32f1xx.o

.debug_frame    0x00000000      0x1ac
 .debug_frame   0x00000000      0x128 main.o
 .debug_frame   0x00000128       0x58 system_stm32f1xx.o
 .debug_frame   0x00000180       0x2c d:/users/user0/documents/0426-stm32/gcc-arm-none-eabi-10.3-2021.10/bin/../lib/gcc/arm-none-eabi/10.3.1/../../../../arm-none-eabi/lib/thumb/v7-m/nofp\libc_nano.a(lib_a-init.o)
